// Jest Snapshot v1, https://goo.gl/fbAQLP

exports[`Nav will match snapshot 1`] = `
Object {
  "asFragment": [Function],
  "baseElement": <body>
    <div>
      <nav
        class="nav"
      >
        <ul>
          <li>
            <img
              alt="Avatar of Sarah Edo"
              class="avatar"
              src="https://gravatar.com/avatar/14299fa7ecd7f50203ee5c4c1d60f446?s=400&d=robohash&r=x"
            />
            sarahedo
          </li>
          <li>
            <a
              href="/"
            >
              Home
            </a>
          </li>
          <li>
            <a
              data-testid="leaderbord-link"
              href="/leaderboard"
            >
              Leaderboard
            </a>
          </li>
          <li>
            <a
              data-testid="add-poll-link"
              href="/add"
            >
              New
            </a>
          </li>
          <li>
            <a
              href="/logout"
            >
              Logout
            </a>
          </li>
        </ul>
      </nav>
    </div>
  </body>,
  "container": <div>
    <nav
      class="nav"
    >
      <ul>
        <li>
          <img
            alt="Avatar of Sarah Edo"
            class="avatar"
            src="https://gravatar.com/avatar/14299fa7ecd7f50203ee5c4c1d60f446?s=400&d=robohash&r=x"
          />
          sarahedo
        </li>
        <li>
          <a
            href="/"
          >
            Home
          </a>
        </li>
        <li>
          <a
            data-testid="leaderbord-link"
            href="/leaderboard"
          >
            Leaderboard
          </a>
        </li>
        <li>
          <a
            data-testid="add-poll-link"
            href="/add"
          >
            New
          </a>
        </li>
        <li>
          <a
            href="/logout"
          >
            Logout
          </a>
        </li>
      </ul>
    </nav>
  </div>,
  "debug": [Function],
  "findAllByAltText": [Function],
  "findAllByDisplayValue": [Function],
  "findAllByLabelText": [Function],
  "findAllByPlaceholderText": [Function],
  "findAllByRole": [Function],
  "findAllByTestId": [Function],
  "findAllByText": [Function],
  "findAllByTitle": [Function],
  "findByAltText": [Function],
  "findByDisplayValue": [Function],
  "findByLabelText": [Function],
  "findByPlaceholderText": [Function],
  "findByRole": [Function],
  "findByTestId": [Function],
  "findByText": [Function],
  "findByTitle": [Function],
  "getAllByAltText": [Function],
  "getAllByDisplayValue": [Function],
  "getAllByLabelText": [Function],
  "getAllByPlaceholderText": [Function],
  "getAllByRole": [Function],
  "getAllByTestId": [Function],
  "getAllByText": [Function],
  "getAllByTitle": [Function],
  "getByAltText": [Function],
  "getByDisplayValue": [Function],
  "getByLabelText": [Function],
  "getByPlaceholderText": [Function],
  "getByRole": [Function],
  "getByTestId": [Function],
  "getByText": [Function],
  "getByTitle": [Function],
  "queryAllByAltText": [Function],
  "queryAllByDisplayValue": [Function],
  "queryAllByLabelText": [Function],
  "queryAllByPlaceholderText": [Function],
  "queryAllByRole": [Function],
  "queryAllByTestId": [Function],
  "queryAllByText": [Function],
  "queryAllByTitle": [Function],
  "queryByAltText": [Function],
  "queryByDisplayValue": [Function],
  "queryByLabelText": [Function],
  "queryByPlaceholderText": [Function],
  "queryByRole": [Function],
  "queryByTestId": [Function],
  "queryByText": [Function],
  "queryByTitle": [Function],
  "rerender": [Function],
  "unmount": [Function],
}
`;
